Archive member included to satisfy reference by file (symbol)

../libutilities/libutilities.a(Bouton.o)
                              Robot2.o (_ZN6BoutonC1Ev)
../libutilities/libutilities.a(Del.o)
                              Robot2.o (_ZN3DelC1EPVhS1_hh)
../libutilities/libutilities.a(Son.o)
                              Robot2.o (_ZN3SonC1Ev)
../libutilities/libutilities.a(InfraRouge.o)
                              Robot2.o (_ZN10InfraRougeC1Ev)
../libutilities/libutilities.a(Makerline.o)
                              Robot2.o (_ZN9MakerlineC1Ev)
../libutilities/libutilities.a(Dessin.o)
                              Robot2.o (_ZN6DessinC1Ev)
../libutilities/libutilities.a(Roues.o)
                              ../libutilities/libutilities.a(Makerline.o) (_ZN5RouesC1Edd)
../libutilities/libutilities.a(UART.o)
                              ../libutilities/libutilities.a(Dessin.o) (_ZN4UARTC1Ev)
../libutilities/libutilities.a(Can.o)
                              ../libutilities/libutilities.a(UART.o) (_ZN3CanC1Ev)
/usr/lib/gcc/avr/11.2.0/avr5/libgcc.a(_udivmodqi4.o)
                              ../libutilities/libutilities.a(Dessin.o) (__udivmodqi4)
/usr/lib/gcc/avr/11.2.0/avr5/libgcc.a(_divmodhi4.o)
                              ../libutilities/libutilities.a(Dessin.o) (__divmodhi4)
/usr/lib/gcc/avr/11.2.0/avr5/libgcc.a(_exit.o)
                              /usr/lib/gcc/avr/11.2.0/../../../../avr/lib/avr5/crtatmega324pa.o (exit)
/usr/lib/gcc/avr/11.2.0/avr5/libgcc.a(_tablejump2.o)
                              ../libutilities/libutilities.a(Makerline.o) (__tablejump2__)
/usr/lib/gcc/avr/11.2.0/avr5/libgcc.a(_copy_data.o)
                              ../libutilities/libutilities.a(Son.o) (__do_copy_data)
/usr/lib/gcc/avr/11.2.0/avr5/libgcc.a(_clear_bss.o)
                              main.o (__do_clear_bss)
/usr/lib/gcc/avr/11.2.0/avr5/libgcc.a(_udivmodhi4.o)
                              /usr/lib/gcc/avr/11.2.0/avr5/libgcc.a(_divmodhi4.o) (__udivmodhi4)
/usr/lib/gcc/avr/11.2.0/../../../../avr/lib/avr5/libm.a(addsf3.o)
                              ../libutilities/libutilities.a(Son.o) (__subsf3)
/usr/lib/gcc/avr/11.2.0/../../../../avr/lib/avr5/libm.a(addsf3x.o)
                              /usr/lib/gcc/avr/11.2.0/../../../../avr/lib/avr5/libm.a(addsf3.o) (__addsf3x)
/usr/lib/gcc/avr/11.2.0/../../../../avr/lib/avr5/libm.a(divsf3.o)
                              ../libutilities/libutilities.a(Son.o) (__divsf3)
/usr/lib/gcc/avr/11.2.0/../../../../avr/lib/avr5/libm.a(divsf3x.o)
                              /usr/lib/gcc/avr/11.2.0/../../../../avr/lib/avr5/libm.a(divsf3.o) (__divsf3x)
/usr/lib/gcc/avr/11.2.0/../../../../avr/lib/avr5/libm.a(fixunssfsi.o)
                              ../libutilities/libutilities.a(Son.o) (__fixunssfsi)
/usr/lib/gcc/avr/11.2.0/../../../../avr/lib/avr5/libm.a(floatsisf.o)
                              ../libutilities/libutilities.a(Son.o) (__floatunsisf)
/usr/lib/gcc/avr/11.2.0/../../../../avr/lib/avr5/libm.a(fp_inf.o)
                              /usr/lib/gcc/avr/11.2.0/../../../../avr/lib/avr5/libm.a(addsf3x.o) (__fp_inf)
/usr/lib/gcc/avr/11.2.0/../../../../avr/lib/avr5/libm.a(fp_nan.o)
                              /usr/lib/gcc/avr/11.2.0/../../../../avr/lib/avr5/libm.a(addsf3x.o) (__fp_nan)
/usr/lib/gcc/avr/11.2.0/../../../../avr/lib/avr5/libm.a(fp_pscA.o)
                              /usr/lib/gcc/avr/11.2.0/../../../../avr/lib/avr5/libm.a(addsf3x.o) (__fp_pscA)
/usr/lib/gcc/avr/11.2.0/../../../../avr/lib/avr5/libm.a(fp_pscB.o)
                              /usr/lib/gcc/avr/11.2.0/../../../../avr/lib/avr5/libm.a(addsf3x.o) (__fp_pscB)
/usr/lib/gcc/avr/11.2.0/../../../../avr/lib/avr5/libm.a(fp_round.o)
                              /usr/lib/gcc/avr/11.2.0/../../../../avr/lib/avr5/libm.a(addsf3.o) (__fp_round)
/usr/lib/gcc/avr/11.2.0/../../../../avr/lib/avr5/libm.a(fp_split3.o)
                              /usr/lib/gcc/avr/11.2.0/../../../../avr/lib/avr5/libm.a(addsf3x.o) (__fp_split3)
/usr/lib/gcc/avr/11.2.0/../../../../avr/lib/avr5/libm.a(fp_zero.o)
                              /usr/lib/gcc/avr/11.2.0/../../../../avr/lib/avr5/libm.a(addsf3x.o) (__fp_zero)
/usr/lib/gcc/avr/11.2.0/../../../../avr/lib/avr5/libm.a(mulsf3.o)
                              ../libutilities/libutilities.a(Son.o) (__mulsf3)
/usr/lib/gcc/avr/11.2.0/../../../../avr/lib/avr5/libm.a(mulsf3x.o)
                              /usr/lib/gcc/avr/11.2.0/../../../../avr/lib/avr5/libm.a(mulsf3.o) (__mulsf3x)
/usr/lib/gcc/avr/11.2.0/../../../../avr/lib/avr5/libc.a(sprintf.o)
                              ../libutilities/libutilities.a(UART.o) (sprintf)
/usr/lib/gcc/avr/11.2.0/../../../../avr/lib/avr5/libc.a(vfprintf_std.o)
                              /usr/lib/gcc/avr/11.2.0/../../../../avr/lib/avr5/libc.a(sprintf.o) (vfprintf)
/usr/lib/gcc/avr/11.2.0/../../../../avr/lib/avr5/libc.a(strnlen_P.o)
                              /usr/lib/gcc/avr/11.2.0/../../../../avr/lib/avr5/libc.a(vfprintf_std.o) (strnlen_P)
/usr/lib/gcc/avr/11.2.0/../../../../avr/lib/avr5/libc.a(strnlen.o)
                              /usr/lib/gcc/avr/11.2.0/../../../../avr/lib/avr5/libc.a(vfprintf_std.o) (strnlen)
/usr/lib/gcc/avr/11.2.0/../../../../avr/lib/avr5/libc.a(fputc.o)
                              /usr/lib/gcc/avr/11.2.0/../../../../avr/lib/avr5/libc.a(vfprintf_std.o) (fputc)
/usr/lib/gcc/avr/11.2.0/../../../../avr/lib/avr5/libc.a(ultoa_invert.o)
                              /usr/lib/gcc/avr/11.2.0/../../../../avr/lib/avr5/libc.a(vfprintf_std.o) (__ultoa_invert)
/usr/lib/gcc/avr/11.2.0/avr5/libgcc.a(_prologue.o)
                              /usr/lib/gcc/avr/11.2.0/../../../../avr/lib/avr5/libc.a(sprintf.o) (__prologue_saves__)
/usr/lib/gcc/avr/11.2.0/avr5/libgcc.a(_epilogue.o)
                              /usr/lib/gcc/avr/11.2.0/../../../../avr/lib/avr5/libc.a(sprintf.o) (__epilogue_restores__)

Memory Configuration

Name             Origin             Length             Attributes
text             0x0000000000000000 0x0000000000008000 xr
data             0x0000000000800060 0x0000000000000800 rw !x
eeprom           0x0000000000810000 0x0000000000000400 rw !x
fuse             0x0000000000820000 0x0000000000000003 rw !x
lock             0x0000000000830000 0x0000000000000400 rw !x
signature        0x0000000000840000 0x0000000000000400 rw !x
user_signatures  0x0000000000850000 0x0000000000000400 rw !x
*default*        0x0000000000000000 0xffffffffffffffff

Linker script and memory map

Address of section .data set to 0x800100
LOAD /usr/lib/gcc/avr/11.2.0/../../../../avr/lib/avr5/crtatmega324pa.o
LOAD main.o
LOAD Robot2.o
LOAD /usr/lib/gcc/avr/11.2.0/../../../../avr/lib/avr5/libm.a
LOAD ../libutilities/libutilities.a
START GROUP
LOAD /usr/lib/gcc/avr/11.2.0/avr5/libgcc.a
LOAD /usr/lib/gcc/avr/11.2.0/../../../../avr/lib/avr5/libm.a
LOAD /usr/lib/gcc/avr/11.2.0/../../../../avr/lib/avr5/libc.a
LOAD /usr/lib/gcc/avr/11.2.0/../../../../avr/lib/avr5/libatmega324pa.a
END GROUP
                [0x0000000000008000]                __TEXT_REGION_LENGTH__ = DEFINED (__TEXT_REGION_LENGTH__)?__TEXT_REGION_LENGTH__:0x20000
                [0x0000000000000800]                __DATA_REGION_LENGTH__ = DEFINED (__DATA_REGION_LENGTH__)?__DATA_REGION_LENGTH__:0xffa0
                [0x0000000000000400]                __EEPROM_REGION_LENGTH__ = DEFINED (__EEPROM_REGION_LENGTH__)?__EEPROM_REGION_LENGTH__:0x10000
                [0x0000000000000003]                __FUSE_REGION_LENGTH__ = DEFINED (__FUSE_REGION_LENGTH__)?__FUSE_REGION_LENGTH__:0x400
                0x0000000000000400                __LOCK_REGION_LENGTH__ = DEFINED (__LOCK_REGION_LENGTH__)?__LOCK_REGION_LENGTH__:0x400
                0x0000000000000400                __SIGNATURE_REGION_LENGTH__ = DEFINED (__SIGNATURE_REGION_LENGTH__)?__SIGNATURE_REGION_LENGTH__:0x400
                0x0000000000000400                __USER_SIGNATURE_REGION_LENGTH__ = DEFINED (__USER_SIGNATURE_REGION_LENGTH__)?__USER_SIGNATURE_REGION_LENGTH__:0x400

.hash
 *(.hash)

.dynsym
 *(.dynsym)

.dynstr
 *(.dynstr)

.gnu.version
 *(.gnu.version)

.gnu.version_d
 *(.gnu.version_d)

.gnu.version_r
 *(.gnu.version_r)

.rel.init
 *(.rel.init)

.rela.init
 *(.rela.init)

.rel.text
 *(.rel.text)
 *(.rel.text.*)
 *(.rel.gnu.linkonce.t*)

.rela.text
 *(.rela.text)
 *(.rela.text.*)
 *(.rela.gnu.linkonce.t*)

.rel.fini
 *(.rel.fini)

.rela.fini
 *(.rela.fini)

.rel.rodata
 *(.rel.rodata)
 *(.rel.rodata.*)
 *(.rel.gnu.linkonce.r*)

.rela.rodata
 *(.rela.rodata)
 *(.rela.rodata.*)
 *(.rela.gnu.linkonce.r*)

.rel.data
 *(.rel.data)
 *(.rel.data.*)
 *(.rel.gnu.linkonce.d*)

.rela.data
 *(.rela.data)
 *(.rela.data.*)
 *(.rela.gnu.linkonce.d*)

.rel.ctors
 *(.rel.ctors)

.rela.ctors
 *(.rela.ctors)

.rel.dtors
 *(.rel.dtors)

.rela.dtors
 *(.rela.dtors)

.rel.got
 *(.rel.got)

.rela.got
 *(.rela.got)

.rel.bss
 *(.rel.bss)

.rela.bss
 *(.rela.bss)

.rel.plt
 *(.rel.plt)

.rela.plt
 *(.rela.plt)

.text           0x0000000000000000     0x360c
 *(.vectors)
 .vectors       0x0000000000000000       0x7c /usr/lib/gcc/avr/11.2.0/../../../../avr/lib/avr5/crtatmega324pa.o
                0x0000000000000000                __vectors
                0x0000000000000000                __vector_default
 *(.vectors)
 *(.progmem.gcc*)
                0x000000000000007c                . = ALIGN (0x2)
                0x000000000000007c                __trampolines_start = .
 *(.trampolines)
 .trampolines   0x000000000000007c        0x0 linker stubs
 *(.trampolines*)
                0x000000000000007c                __trampolines_end = .
 *libprintf_flt.a:*(.progmem.data)
 *libc.a:*(.progmem.data)
 *(.progmem.*)
                0x000000000000007c                . = ALIGN (0x2)
 *(.lowtext)
 *(.lowtext*)
                0x000000000000007c                __ctors_start = .
 *(.ctors)
                0x000000000000007c                __ctors_end = .
                0x000000000000007c                __dtors_start = .
 *(.dtors)
                0x000000000000007c                __dtors_end = .
 SORT_BY_NAME(*)(.ctors)
 SORT_BY_NAME(*)(.dtors)
 *(.init0)
 .init0         0x000000000000007c        0x0 /usr/lib/gcc/avr/11.2.0/../../../../avr/lib/avr5/crtatmega324pa.o
                0x000000000000007c                __init
 *(.init0)
 *(.init1)
 *(.init1)
 *(.init2)
 .init2         0x000000000000007c        0xc /usr/lib/gcc/avr/11.2.0/../../../../avr/lib/avr5/crtatmega324pa.o
 *(.init2)
 *(.init3)
 *(.init3)
 *(.init4)
 .init4         0x0000000000000088       0x16 /usr/lib/gcc/avr/11.2.0/avr5/libgcc.a(_copy_data.o)
                0x0000000000000088                __do_copy_data
 .init4         0x000000000000009e       0x10 /usr/lib/gcc/avr/11.2.0/avr5/libgcc.a(_clear_bss.o)
                0x000000000000009e                __do_clear_bss
 *(.init4)
 *(.init5)
 *(.init5)
 *(.init6)
 *(.init6)
 *(.init7)
 *(.init7)
 *(.init8)
 *(.init8)
 *(.init9)
 .init9         0x00000000000000ae        0x8 /usr/lib/gcc/avr/11.2.0/../../../../avr/lib/avr5/crtatmega324pa.o
 *(.init9)
 *(.text)
 .text          0x00000000000000b6        0x4 /usr/lib/gcc/avr/11.2.0/../../../../avr/lib/avr5/crtatmega324pa.o
                0x00000000000000b6                __vector_22
                0x00000000000000b6                __vector_28
                0x00000000000000b6                __vector_24
                0x00000000000000b6                __vector_12
                0x00000000000000b6                __bad_interrupt
                0x00000000000000b6                __vector_6
                0x00000000000000b6                __vector_3
                0x00000000000000b6                __vector_23
                0x00000000000000b6                __vector_30
                0x00000000000000b6                __vector_25
                0x00000000000000b6                __vector_11
                0x00000000000000b6                __vector_13
                0x00000000000000b6                __vector_17
                0x00000000000000b6                __vector_19
                0x00000000000000b6                __vector_7
                0x00000000000000b6                __vector_27
                0x00000000000000b6                __vector_5
                0x00000000000000b6                __vector_4
                0x00000000000000b6                __vector_9
                0x00000000000000b6                __vector_2
                0x00000000000000b6                __vector_21
                0x00000000000000b6                __vector_15
                0x00000000000000b6                __vector_29
                0x00000000000000b6                __vector_8
                0x00000000000000b6                __vector_26
                0x00000000000000b6                __vector_14
                0x00000000000000b6                __vector_10
                0x00000000000000b6                __vector_16
                0x00000000000000b6                __vector_18
                0x00000000000000b6                __vector_20
 .text          0x00000000000000ba       0x34 main.o
                0x00000000000000ba                __vector_1
 .text          0x00000000000000ee      0x12a Robot2.o
                0x00000000000000ee                _ZN6Robot2C1Ev
                0x00000000000000ee                _ZN6Robot2C2Ev
                0x000000000000013c                _ZN6Robot215isBoutonClickedEv
                0x000000000000015c                _ZN6Robot212jouerSonAiguEv
                0x000000000000019a                _ZN6Robot212clignoterDelEv
                0x00000000000001e4                _ZN6Robot217compresserDonneesEP5Ligne
 .text          0x0000000000000218       0x18 ../libutilities/libutilities.a(Bouton.o)
                0x0000000000000218                _ZN6Bouton14initialisationEv
                0x000000000000022c                _ZN6BoutonC2Ev
                0x000000000000022c                _ZN6BoutonC1Ev
 .text          0x0000000000000230      0x106 ../libutilities/libutilities.a(Del.o)
                0x0000000000000230                _ZN3DelC1EPVhS1_hh
                0x0000000000000230                _ZN3DelC2EPVhS1_hh
                0x000000000000026c                _ZN3Del12allumerRougeEv
                0x00000000000002a0                _ZN3Del11allumerVertEv
                0x00000000000002d4                _ZN3Del12allumerAmbreEv
                0x0000000000000306                _ZN3Del8eteindreEv
 .text          0x0000000000000336      0x1d6 ../libutilities/libutilities.a(Son.o)
                0x0000000000000336                _ZN3SonC2Ev
                0x0000000000000336                _ZN3SonC1Ev
                0x0000000000000396                _ZN3Son5delayEm
                0x00000000000003c8                _ZN3Son9jouerNoteEjj
                0x00000000000004b6                _ZN3Son11jouerSouljaEv
                0x00000000000004fa                _ZN3Son7arreterEv
 .text          0x000000000000050c      0x36e ../libutilities/libutilities.a(InfraRouge.o)
                0x000000000000050c                _ZN10InfraRougeC1Ev
                0x000000000000050c                _ZN10InfraRougeC2Ev
                0x000000000000053e                _ZN10InfraRouge12commencerPWMEv
                0x000000000000054c                _ZN10InfraRouge10arreterPWMEv
                0x0000000000000556                _ZN10InfraRougeD2Ev
                0x0000000000000556                _ZN10InfraRougeD1Ev
                0x0000000000000568                _ZN10InfraRouge21envoyerImpulsionDebutEv
                0x0000000000000592                _ZN10InfraRouge17creationImpulsionEb
                0x00000000000005ce                _ZN10InfraRouge15envoyerCommandeEh
                0x000000000000061c                _ZN10InfraRouge10envoyerCrcEh
                0x0000000000000620                _ZN10InfraRouge7envoyerEh
                0x0000000000000674                _ZN10InfraRouge12envoyerDonneEh
                0x00000000000006ae                _ZN10InfraRouge14envoyerTableauEPh
                0x00000000000006e2                _ZN10InfraRouge15signalRecuEleveEv
                0x00000000000006ee                _ZN10InfraRouge19mesurelongeurSignalEv
                0x0000000000000704                _ZN10InfraRouge17signalDansSpectreEhh
                0x0000000000000722                _ZN10InfraRouge16recevoirCommandeEv
                0x00000000000007b6                _ZN10InfraRouge8recevoirEv
                0x00000000000007e2                _ZN10InfraRouge8checkCrcEPh
                0x000000000000080c                _ZN10InfraRouge15recevoirTableauEPh
 .text          0x000000000000087a      0x85c ../libutilities/libutilities.a(Makerline.o)
                0x000000000000087a                _ZN9MakerlineC1Ev
                0x000000000000087a                _ZN9MakerlineC2Ev
                0x00000000000008c2                _ZN9Makerline8rotationEhh
                0x0000000000000972                _ZN9Makerline9rotation2Ehh
                0x0000000000000a22                _ZN9Makerline7reculerEv
                0x0000000000000b40                _ZN9Makerline12faireCircuitEv
 .text          0x00000000000010d6     0x1458 ../libutilities/libutilities.a(Dessin.o)
                0x00000000000010d6                _ZN6DessinC2Ev
                0x00000000000010d6                _ZN6DessinC1Ev
                0x00000000000010ea                _ZN6Dessin5printEPch
                0x0000000000001144                _ZN6Dessin8dessinerEhhP5Ligne
 .text          0x000000000000252e      0x3dc ../libutilities/libutilities.a(Roues.o)
                0x000000000000252e                _ZN5RouesC2Ev
                0x000000000000252e                _ZN5RouesC1Ev
                0x0000000000002572                _ZN5RouesC2Edd
                0x0000000000002572                _ZN5RouesC1Edd
                0x00000000000025c0                _ZN5RouesD2Ev
                0x00000000000025c0                _ZN5RouesD1Ev
                0x00000000000025ca                _ZN5Roues5delayEm
                0x00000000000025fc                _ZN5Roues13ajustementPWMEmm
                0x00000000000026ae                _ZN5Roues9accelererEm
                0x00000000000026e8                _ZN5Roues9decelererEm
                0x000000000000270c                _ZN5Roues7avancerEv
                0x0000000000002714                _ZN5Roues7reculerEv
                0x000000000000271c                _ZN5Roues7arreterEv
                0x0000000000002748                _ZN5Roues13tournerDroiteEv
                0x00000000000027de                _ZN5Roues13tournerGaucheEv
                0x0000000000002874                _ZN5Roues17tournerGaucheFortEv
 .text          0x000000000000290a      0x112 ../libutilities/libutilities.a(UART.o)
                0x000000000000290a                _ZN4UART18initialisationUARTEv
                0x000000000000293a                _ZN4UART16transmissionUARTEh
                0x0000000000002948                _ZN4UART11receiveUARTEv
                0x0000000000002956                _ZN4UARTC2Ev
                0x0000000000002956                _ZN4UARTC1Ev
                0x000000000000296e                _ZN4UART9printUARTEPc
                0x0000000000002996                _ZN4UART9printUARTEh
                0x00000000000029f4                _ZN4UART9printUARTEPKc
                0x00000000000029f8                _ZN4UART8printCanEv
 .text          0x0000000000002a1c       0x58 ../libutilities/libutilities.a(Can.o)
                0x0000000000002a1c                _ZN3CanC1Ev
                0x0000000000002a1c                _ZN3CanC2Ev
                0x0000000000002a28                _ZN3CanD1Ev
                0x0000000000002a28                _ZN3CanD2Ev
                0x0000000000002a2e                _ZN3Can7lectureEh
 .text          0x0000000000002a74        0x0 /usr/lib/gcc/avr/11.2.0/avr5/libgcc.a(_udivmodqi4.o)
 .text          0x0000000000002a74        0x0 /usr/lib/gcc/avr/11.2.0/avr5/libgcc.a(_divmodhi4.o)
 .text          0x0000000000002a74        0x0 /usr/lib/gcc/avr/11.2.0/avr5/libgcc.a(_exit.o)
 .text          0x0000000000002a74        0x0 /usr/lib/gcc/avr/11.2.0/avr5/libgcc.a(_tablejump2.o)
 .text          0x0000000000002a74        0x0 /usr/lib/gcc/avr/11.2.0/avr5/libgcc.a(_copy_data.o)
 .text          0x0000000000002a74        0x0 /usr/lib/gcc/avr/11.2.0/avr5/libgcc.a(_clear_bss.o)
 .text          0x0000000000002a74        0x0 /usr/lib/gcc/avr/11.2.0/avr5/libgcc.a(_udivmodhi4.o)
 .text          0x0000000000002a74        0x0 /usr/lib/gcc/avr/11.2.0/../../../../avr/lib/avr5/libm.a(addsf3.o)
 .text          0x0000000000002a74        0x0 /usr/lib/gcc/avr/11.2.0/../../../../avr/lib/avr5/libm.a(addsf3x.o)
 .text          0x0000000000002a74        0x0 /usr/lib/gcc/avr/11.2.0/../../../../avr/lib/avr5/libm.a(divsf3.o)
 .text          0x0000000000002a74        0x0 /usr/lib/gcc/avr/11.2.0/../../../../avr/lib/avr5/libm.a(divsf3x.o)
 .text          0x0000000000002a74        0x0 /usr/lib/gcc/avr/11.2.0/../../../../avr/lib/avr5/libm.a(fixunssfsi.o)
 .text          0x0000000000002a74        0x0 /usr/lib/gcc/avr/11.2.0/../../../../avr/lib/avr5/libm.a(floatsisf.o)
 .text          0x0000000000002a74        0x0 /usr/lib/gcc/avr/11.2.0/../../../../avr/lib/avr5/libm.a(fp_inf.o)
 .text          0x0000000000002a74        0x0 /usr/lib/gcc/avr/11.2.0/../../../../avr/lib/avr5/libm.a(fp_nan.o)
 .text          0x0000000000002a74        0x0 /usr/lib/gcc/avr/11.2.0/../../../../avr/lib/avr5/libm.a(fp_pscA.o)
 .text          0x0000000000002a74        0x0 /usr/lib/gcc/avr/11.2.0/../../../../avr/lib/avr5/libm.a(fp_pscB.o)
 .text          0x0000000000002a74        0x0 /usr/lib/gcc/avr/11.2.0/../../../../avr/lib/avr5/libm.a(fp_round.o)
 .text          0x0000000000002a74        0x0 /usr/lib/gcc/avr/11.2.0/../../../../avr/lib/avr5/libm.a(fp_split3.o)
 .text          0x0000000000002a74        0x0 /usr/lib/gcc/avr/11.2.0/../../../../avr/lib/avr5/libm.a(fp_zero.o)
 .text          0x0000000000002a74        0x0 /usr/lib/gcc/avr/11.2.0/../../../../avr/lib/avr5/libm.a(mulsf3.o)
 .text          0x0000000000002a74        0x0 /usr/lib/gcc/avr/11.2.0/../../../../avr/lib/avr5/libm.a(mulsf3x.o)
 .text          0x0000000000002a74        0x0 /usr/lib/gcc/avr/11.2.0/../../../../avr/lib/avr5/libc.a(sprintf.o)
 .text          0x0000000000002a74        0x0 /usr/lib/gcc/avr/11.2.0/../../../../avr/lib/avr5/libc.a(vfprintf_std.o)
 .text          0x0000000000002a74        0x0 /usr/lib/gcc/avr/11.2.0/../../../../avr/lib/avr5/libc.a(strnlen_P.o)
 .text          0x0000000000002a74        0x0 /usr/lib/gcc/avr/11.2.0/../../../../avr/lib/avr5/libc.a(strnlen.o)
 .text          0x0000000000002a74        0x0 /usr/lib/gcc/avr/11.2.0/../../../../avr/lib/avr5/libc.a(fputc.o)
 .text          0x0000000000002a74        0x0 /usr/lib/gcc/avr/11.2.0/../../../../avr/lib/avr5/libc.a(ultoa_invert.o)
 .text          0x0000000000002a74        0x0 /usr/lib/gcc/avr/11.2.0/avr5/libgcc.a(_prologue.o)
 .text          0x0000000000002a74        0x0 /usr/lib/gcc/avr/11.2.0/avr5/libgcc.a(_epilogue.o)
                0x0000000000002a74                . = ALIGN (0x2)
 *(.text.*)
 .text.startup  0x0000000000002a74       0xfe main.o
                0x0000000000002a74                main
 .text.libgcc.mul
                0x0000000000002b72        0x0 /usr/lib/gcc/avr/11.2.0/avr5/libgcc.a(_udivmodqi4.o)
 .text.libgcc.div
                0x0000000000002b72       0x18 /usr/lib/gcc/avr/11.2.0/avr5/libgcc.a(_udivmodqi4.o)
                0x0000000000002b72                __udivmodqi4
 .text.libgcc   0x0000000000002b8a        0x0 /usr/lib/gcc/avr/11.2.0/avr5/libgcc.a(_udivmodqi4.o)
 .text.libgcc.prologue
                0x0000000000002b8a        0x0 /usr/lib/gcc/avr/11.2.0/avr5/libgcc.a(_udivmodqi4.o)
 .text.libgcc.builtins
                0x0000000000002b8a        0x0 /usr/lib/gcc/avr/11.2.0/avr5/libgcc.a(_udivmodqi4.o)
 .text.libgcc.fmul
                0x0000000000002b8a        0x0 /usr/lib/gcc/avr/11.2.0/avr5/libgcc.a(_udivmodqi4.o)
 .text.libgcc.fixed
                0x0000000000002b8a        0x0 /usr/lib/gcc/avr/11.2.0/avr5/libgcc.a(_udivmodqi4.o)
 .text.libgcc.mul
                0x0000000000002b8a        0x0 /usr/lib/gcc/avr/11.2.0/avr5/libgcc.a(_divmodhi4.o)
 .text.libgcc.div
                0x0000000000002b8a       0x28 /usr/lib/gcc/avr/11.2.0/avr5/libgcc.a(_divmodhi4.o)
                0x0000000000002b8a                __divmodhi4
                0x0000000000002b8a                _div
 .text.libgcc   0x0000000000002bb2        0x0 /usr/lib/gcc/avr/11.2.0/avr5/libgcc.a(_divmodhi4.o)
 .text.libgcc.prologue
                0x0000000000002bb2        0x0 /usr/lib/gcc/avr/11.2.0/avr5/libgcc.a(_divmodhi4.o)
 .text.libgcc.builtins
                0x0000000000002bb2        0x0 /usr/lib/gcc/avr/11.2.0/avr5/libgcc.a(_divmodhi4.o)
 .text.libgcc.fmul
                0x0000000000002bb2        0x0 /usr/lib/gcc/avr/11.2.0/avr5/libgcc.a(_divmodhi4.o)
 .text.libgcc.fixed
                0x0000000000002bb2        0x0 /usr/lib/gcc/avr/11.2.0/avr5/libgcc.a(_divmodhi4.o)
 .text.libgcc.mul
                0x0000000000002bb2        0x0 /usr/lib/gcc/avr/11.2.0/avr5/libgcc.a(_exit.o)
 .text.libgcc.div
                0x0000000000002bb2        0x0 /usr/lib/gcc/avr/11.2.0/avr5/libgcc.a(_exit.o)
 .text.libgcc   0x0000000000002bb2        0x0 /usr/lib/gcc/avr/11.2.0/avr5/libgcc.a(_exit.o)
 .text.libgcc.prologue
                0x0000000000002bb2        0x0 /usr/lib/gcc/avr/11.2.0/avr5/libgcc.a(_exit.o)
 .text.libgcc.builtins
                0x0000000000002bb2        0x0 /usr/lib/gcc/avr/11.2.0/avr5/libgcc.a(_exit.o)
 .text.libgcc.fmul
                0x0000000000002bb2        0x0 /usr/lib/gcc/avr/11.2.0/avr5/libgcc.a(_exit.o)
 .text.libgcc.fixed
                0x0000000000002bb2        0x0 /usr/lib/gcc/avr/11.2.0/avr5/libgcc.a(_exit.o)
 .text.libgcc.mul
                0x0000000000002bb2        0x0 /usr/lib/gcc/avr/11.2.0/avr5/libgcc.a(_tablejump2.o)
 .text.libgcc.div
                0x0000000000002bb2        0x0 /usr/lib/gcc/avr/11.2.0/avr5/libgcc.a(_tablejump2.o)
 .text.libgcc   0x0000000000002bb2        0xc /usr/lib/gcc/avr/11.2.0/avr5/libgcc.a(_tablejump2.o)
                0x0000000000002bb2                __tablejump2__
 .text.libgcc.prologue
                0x0000000000002bbe        0x0 /usr/lib/gcc/avr/11.2.0/avr5/libgcc.a(_tablejump2.o)
 .text.libgcc.builtins
                0x0000000000002bbe        0x0 /usr/lib/gcc/avr/11.2.0/avr5/libgcc.a(_tablejump2.o)
 .text.libgcc.fmul
                0x0000000000002bbe        0x0 /usr/lib/gcc/avr/11.2.0/avr5/libgcc.a(_tablejump2.o)
 .text.libgcc.fixed
                0x0000000000002bbe        0x0 /usr/lib/gcc/avr/11.2.0/avr5/libgcc.a(_tablejump2.o)
 .text.libgcc.mul
                0x0000000000002bbe        0x0 /usr/lib/gcc/avr/11.2.0/avr5/libgcc.a(_copy_data.o)
 .text.libgcc.div
                0x0000000000002bbe        0x0 /usr/lib/gcc/avr/11.2.0/avr5/libgcc.a(_copy_data.o)
 .text.libgcc   0x0000000000002bbe        0x0 /usr/lib/gcc/avr/11.2.0/avr5/libgcc.a(_copy_data.o)
 .text.libgcc.prologue
                0x0000000000002bbe        0x0 /usr/lib/gcc/avr/11.2.0/avr5/libgcc.a(_copy_data.o)
 .text.libgcc.builtins
                0x0000000000002bbe        0x0 /usr/lib/gcc/avr/11.2.0/avr5/libgcc.a(_copy_data.o)
 .text.libgcc.fmul
                0x0000000000002bbe        0x0 /usr/lib/gcc/avr/11.2.0/avr5/libgcc.a(_copy_data.o)
 .text.libgcc.fixed
                0x0000000000002bbe        0x0 /usr/lib/gcc/avr/11.2.0/avr5/libgcc.a(_copy_data.o)
 .text.libgcc.mul
                0x0000000000002bbe        0x0 /usr/lib/gcc/avr/11.2.0/avr5/libgcc.a(_clear_bss.o)
 .text.libgcc.div
                0x0000000000002bbe        0x0 /usr/lib/gcc/avr/11.2.0/avr5/libgcc.a(_clear_bss.o)
 .text.libgcc   0x0000000000002bbe        0x0 /usr/lib/gcc/avr/11.2.0/avr5/libgcc.a(_clear_bss.o)
 .text.libgcc.prologue
                0x0000000000002bbe        0x0 /usr/lib/gcc/avr/11.2.0/avr5/libgcc.a(_clear_bss.o)
 .text.libgcc.builtins
                0x0000000000002bbe        0x0 /usr/lib/gcc/avr/11.2.0/avr5/libgcc.a(_clear_bss.o)
 .text.libgcc.fmul
                0x0000000000002bbe        0x0 /usr/lib/gcc/avr/11.2.0/avr5/libgcc.a(_clear_bss.o)
 .text.libgcc.fixed
                0x0000000000002bbe        0x0 /usr/lib/gcc/avr/11.2.0/avr5/libgcc.a(_clear_bss.o)
 .text.libgcc.mul
                0x0000000000002bbe        0x0 /usr/lib/gcc/avr/11.2.0/avr5/libgcc.a(_udivmodhi4.o)
 .text.libgcc.div
                0x0000000000002bbe       0x28 /usr/lib/gcc/avr/11.2.0/avr5/libgcc.a(_udivmodhi4.o)
                0x0000000000002bbe                __udivmodhi4
 .text.libgcc   0x0000000000002be6        0x0 /usr/lib/gcc/avr/11.2.0/avr5/libgcc.a(_udivmodhi4.o)
 .text.libgcc.prologue
                0x0000000000002be6        0x0 /usr/lib/gcc/avr/11.2.0/avr5/libgcc.a(_udivmodhi4.o)
 .text.libgcc.builtins
                0x0000000000002be6        0x0 /usr/lib/gcc/avr/11.2.0/avr5/libgcc.a(_udivmodhi4.o)
 .text.libgcc.fmul
                0x0000000000002be6        0x0 /usr/lib/gcc/avr/11.2.0/avr5/libgcc.a(_udivmodhi4.o)
 .text.libgcc.fixed
                0x0000000000002be6        0x0 /usr/lib/gcc/avr/11.2.0/avr5/libgcc.a(_udivmodhi4.o)
 .text.avr-libc.fplib
                0x0000000000002be6        0xe /usr/lib/gcc/avr/11.2.0/../../../../avr/lib/avr5/libm.a(addsf3.o)
                0x0000000000002be6                __subsf3
                0x0000000000002be8                __addsf3
 .text.avr-libc.fplib
                0x0000000000002bf4       0xcc /usr/lib/gcc/avr/11.2.0/../../../../avr/lib/avr5/libm.a(addsf3x.o)
                0x0000000000002c16                __addsf3x
 .text.avr-libc.fplib
                0x0000000000002cc0        0x8 /usr/lib/gcc/avr/11.2.0/../../../../avr/lib/avr5/libm.a(divsf3.o)
                0x0000000000002cc0                __divsf3
 .text.avr-libc.fplib
                0x0000000000002cc8       0xdc /usr/lib/gcc/avr/11.2.0/../../../../avr/lib/avr5/libm.a(divsf3x.o)
                0x0000000000002ce8                __divsf3x
                0x0000000000002cee                __divsf3_pse
 .text.avr-libc.fplib
                0x0000000000002da4       0x5e /usr/lib/gcc/avr/11.2.0/../../../../avr/lib/avr5/libm.a(fixunssfsi.o)
                0x0000000000002da4                __fixunssfsi
 .text.avr-libc.fplib
                0x0000000000002e02       0x7a /usr/lib/gcc/avr/11.2.0/../../../../avr/lib/avr5/libm.a(floatsisf.o)
                0x0000000000002e02                __floatunsisf
                0x0000000000002e06                __floatsisf
 .text.avr-libc.fplib
                0x0000000000002e7c        0xc /usr/lib/gcc/avr/11.2.0/../../../../avr/lib/avr5/libm.a(fp_inf.o)
                0x0000000000002e7c                __fp_inf
 .text.avr-libc.fplib
                0x0000000000002e88        0x6 /usr/lib/gcc/avr/11.2.0/../../../../avr/lib/avr5/libm.a(fp_nan.o)
                0x0000000000002e88                __fp_nan
 .text.avr-libc.fplib
                0x0000000000002e8e        0xe /usr/lib/gcc/avr/11.2.0/../../../../avr/lib/avr5/libm.a(fp_pscA.o)
                0x0000000000002e8e                __fp_pscA
 .text.avr-libc.fplib
                0x0000000000002e9c        0xe /usr/lib/gcc/avr/11.2.0/../../../../avr/lib/avr5/libm.a(fp_pscB.o)
                0x0000000000002e9c                __fp_pscB
 .text.avr-libc.fplib
                0x0000000000002eaa       0x22 /usr/lib/gcc/avr/11.2.0/../../../../avr/lib/avr5/libm.a(fp_round.o)
                0x0000000000002eaa                __fp_round
 .text.avr-libc.fplib
                0x0000000000002ecc       0x44 /usr/lib/gcc/avr/11.2.0/../../../../avr/lib/avr5/libm.a(fp_split3.o)
                0x0000000000002ecc                __fp_split3
                0x0000000000002edc                __fp_splitA
 .text.avr-libc.fplib
                0x0000000000002f10        0xe /usr/lib/gcc/avr/11.2.0/../../../../avr/lib/avr5/libm.a(fp_zero.o)
                0x0000000000002f10                __fp_zero
                0x0000000000002f12                __fp_szero
 .text.avr-libc.fplib
                0x0000000000002f1e        0x8 /usr/lib/gcc/avr/11.2.0/../../../../avr/lib/avr5/libm.a(mulsf3.o)
                0x0000000000002f1e                __mulsf3
 .text.avr-libc.fplib
                0x0000000000002f26       0xd2 /usr/lib/gcc/avr/11.2.0/../../../../avr/lib/avr5/libm.a(mulsf3x.o)
                0x0000000000002f44                __mulsf3x
                0x0000000000002f4a                __mulsf3_pse
 .text.avr-libc
                0x0000000000002ff8       0x46 /usr/lib/gcc/avr/11.2.0/../../../../avr/lib/avr5/libc.a(sprintf.o)
                0x0000000000002ff8                sprintf
 .text.avr-libc
                0x000000000000303e      0x3a6 /usr/lib/gcc/avr/11.2.0/../../../../avr/lib/avr5/libc.a(vfprintf_std.o)
                0x000000000000303e                vfprintf
 .text.avr-libc
                0x00000000000033e4       0x16 /usr/lib/gcc/avr/11.2.0/../../../../avr/lib/avr5/libc.a(strnlen_P.o)
                0x00000000000033e4                strnlen_P
 .text.avr-libc
                0x00000000000033fa       0x16 /usr/lib/gcc/avr/11.2.0/../../../../avr/lib/avr5/libc.a(strnlen.o)
                0x00000000000033fa                strnlen
 .text.avr-libc
                0x0000000000003410       0x60 /usr/lib/gcc/avr/11.2.0/../../../../avr/lib/avr5/libc.a(fputc.o)
                0x0000000000003410                fputc
 .text.avr-libc
                0x0000000000003470       0xbc /usr/lib/gcc/avr/11.2.0/../../../../avr/lib/avr5/libc.a(ultoa_invert.o)
                0x0000000000003470                __ultoa_invert
 .text.libgcc.mul
                0x000000000000352c        0x0 /usr/lib/gcc/avr/11.2.0/avr5/libgcc.a(_prologue.o)
 .text.libgcc.div
                0x000000000000352c        0x0 /usr/lib/gcc/avr/11.2.0/avr5/libgcc.a(_prologue.o)
 .text.libgcc   0x000000000000352c        0x0 /usr/lib/gcc/avr/11.2.0/avr5/libgcc.a(_prologue.o)
 .text.libgcc.prologue
                0x000000000000352c       0x38 /usr/lib/gcc/avr/11.2.0/avr5/libgcc.a(_prologue.o)
                0x000000000000352c                __prologue_saves__
 .text.libgcc.builtins
                0x0000000000003564        0x0 /usr/lib/gcc/avr/11.2.0/avr5/libgcc.a(_prologue.o)
 .text.libgcc.fmul
                0x0000000000003564        0x0 /usr/lib/gcc/avr/11.2.0/avr5/libgcc.a(_prologue.o)
 .text.libgcc.fixed
                0x0000000000003564        0x0 /usr/lib/gcc/avr/11.2.0/avr5/libgcc.a(_prologue.o)
 .text.libgcc.mul
                0x0000000000003564        0x0 /usr/lib/gcc/avr/11.2.0/avr5/libgcc.a(_epilogue.o)
 .text.libgcc.div
                0x0000000000003564        0x0 /usr/lib/gcc/avr/11.2.0/avr5/libgcc.a(_epilogue.o)
 .text.libgcc   0x0000000000003564        0x0 /usr/lib/gcc/avr/11.2.0/avr5/libgcc.a(_epilogue.o)
 .text.libgcc.prologue
                0x0000000000003564       0x36 /usr/lib/gcc/avr/11.2.0/avr5/libgcc.a(_epilogue.o)
                0x0000000000003564                __epilogue_restores__
 .text.libgcc.builtins
                0x000000000000359a        0x0 /usr/lib/gcc/avr/11.2.0/avr5/libgcc.a(_epilogue.o)
 .text.libgcc.fmul
                0x000000000000359a        0x0 /usr/lib/gcc/avr/11.2.0/avr5/libgcc.a(_epilogue.o)
 .text.libgcc.fixed
                0x000000000000359a        0x0 /usr/lib/gcc/avr/11.2.0/avr5/libgcc.a(_epilogue.o)
                0x000000000000359a                . = ALIGN (0x2)
 *(.fini9)
 .fini9         0x000000000000359a        0x0 /usr/lib/gcc/avr/11.2.0/avr5/libgcc.a(_exit.o)
                0x000000000000359a                exit
                0x000000000000359a                _exit
 *(.fini9)
 *(.fini8)
 *(.fini8)
 *(.fini7)
 *(.fini7)
 *(.fini6)
 *(.fini6)
 *(.fini5)
 *(.fini5)
 *(.fini4)
 *(.fini4)
 *(.fini3)
 *(.fini3)
 *(.fini2)
 *(.fini2)
 *(.fini1)
 *(.fini1)
 *(.fini0)
 .fini0         0x000000000000359a        0x4 /usr/lib/gcc/avr/11.2.0/avr5/libgcc.a(_exit.o)
 *(.fini0)
 *(.hightext)
 *(.hightext*)
 *(.progmemx.*)
                0x000000000000359e                . = ALIGN (0x2)
 *(.jumptables)
 *(.jumptables*)
 .jumptables.gcc._ZN9Makerline12faireCircuitEv
                0x000000000000359e       0x6e ../libutilities/libutilities.a(Makerline.o)
                0x000000000000360c                _etext = .

.data           0x0000000000800100      0x1a6 load address 0x000000000000360c
                0x0000000000800100                PROVIDE (__data_start = .)
 *(.data)
 .data          0x0000000000800100        0x0 /usr/lib/gcc/avr/11.2.0/../../../../avr/lib/avr5/crtatmega324pa.o
 .data          0x0000000000800100        0x0 main.o
 .data          0x0000000000800100        0x0 Robot2.o
 .data          0x0000000000800100        0x0 ../libutilities/libutilities.a(Bouton.o)
 .data          0x0000000000800100        0x0 ../libutilities/libutilities.a(Del.o)
 .data          0x0000000000800100        0x0 ../libutilities/libutilities.a(Son.o)
 .data          0x0000000000800100        0x0 ../libutilities/libutilities.a(InfraRouge.o)
 .data          0x0000000000800100        0x0 ../libutilities/libutilities.a(Makerline.o)
 .data          0x0000000000800100        0x0 ../libutilities/libutilities.a(Dessin.o)
 .data          0x0000000000800100        0x0 ../libutilities/libutilities.a(Roues.o)
 .data          0x0000000000800100        0x0 ../libutilities/libutilities.a(UART.o)
 .data          0x0000000000800100        0x0 ../libutilities/libutilities.a(Can.o)
 .data          0x0000000000800100        0x0 /usr/lib/gcc/avr/11.2.0/avr5/libgcc.a(_udivmodqi4.o)
 .data          0x0000000000800100        0x0 /usr/lib/gcc/avr/11.2.0/avr5/libgcc.a(_divmodhi4.o)
 .data          0x0000000000800100        0x0 /usr/lib/gcc/avr/11.2.0/avr5/libgcc.a(_exit.o)
 .data          0x0000000000800100        0x0 /usr/lib/gcc/avr/11.2.0/avr5/libgcc.a(_tablejump2.o)
 .data          0x0000000000800100        0x0 /usr/lib/gcc/avr/11.2.0/avr5/libgcc.a(_copy_data.o)
 .data          0x0000000000800100        0x0 /usr/lib/gcc/avr/11.2.0/avr5/libgcc.a(_clear_bss.o)
 .data          0x0000000000800100        0x0 /usr/lib/gcc/avr/11.2.0/avr5/libgcc.a(_udivmodhi4.o)
 .data          0x0000000000800100        0x0 /usr/lib/gcc/avr/11.2.0/../../../../avr/lib/avr5/libm.a(addsf3.o)
 .data          0x0000000000800100        0x0 /usr/lib/gcc/avr/11.2.0/../../../../avr/lib/avr5/libm.a(addsf3x.o)
 .data          0x0000000000800100        0x0 /usr/lib/gcc/avr/11.2.0/../../../../avr/lib/avr5/libm.a(divsf3.o)
 .data          0x0000000000800100        0x0 /usr/lib/gcc/avr/11.2.0/../../../../avr/lib/avr5/libm.a(divsf3x.o)
 .data          0x0000000000800100        0x0 /usr/lib/gcc/avr/11.2.0/../../../../avr/lib/avr5/libm.a(fixunssfsi.o)
 .data          0x0000000000800100        0x0 /usr/lib/gcc/avr/11.2.0/../../../../avr/lib/avr5/libm.a(floatsisf.o)
 .data          0x0000000000800100        0x0 /usr/lib/gcc/avr/11.2.0/../../../../avr/lib/avr5/libm.a(fp_inf.o)
 .data          0x0000000000800100        0x0 /usr/lib/gcc/avr/11.2.0/../../../../avr/lib/avr5/libm.a(fp_nan.o)
 .data          0x0000000000800100        0x0 /usr/lib/gcc/avr/11.2.0/../../../../avr/lib/avr5/libm.a(fp_pscA.o)
 .data          0x0000000000800100        0x0 /usr/lib/gcc/avr/11.2.0/../../../../avr/lib/avr5/libm.a(fp_pscB.o)
 .data          0x0000000000800100        0x0 /usr/lib/gcc/avr/11.2.0/../../../../avr/lib/avr5/libm.a(fp_round.o)
 .data          0x0000000000800100        0x0 /usr/lib/gcc/avr/11.2.0/../../../../avr/lib/avr5/libm.a(fp_split3.o)
 .data          0x0000000000800100        0x0 /usr/lib/gcc/avr/11.2.0/../../../../avr/lib/avr5/libm.a(fp_zero.o)
 .data          0x0000000000800100        0x0 /usr/lib/gcc/avr/11.2.0/../../../../avr/lib/avr5/libm.a(mulsf3.o)
 .data          0x0000000000800100        0x0 /usr/lib/gcc/avr/11.2.0/../../../../avr/lib/avr5/libm.a(mulsf3x.o)
 .data          0x0000000000800100        0x0 /usr/lib/gcc/avr/11.2.0/../../../../avr/lib/avr5/libc.a(sprintf.o)
 .data          0x0000000000800100        0x0 /usr/lib/gcc/avr/11.2.0/../../../../avr/lib/avr5/libc.a(vfprintf_std.o)
 .data          0x0000000000800100        0x0 /usr/lib/gcc/avr/11.2.0/../../../../avr/lib/avr5/libc.a(strnlen_P.o)
 .data          0x0000000000800100        0x0 /usr/lib/gcc/avr/11.2.0/../../../../avr/lib/avr5/libc.a(strnlen.o)
 .data          0x0000000000800100        0x0 /usr/lib/gcc/avr/11.2.0/../../../../avr/lib/avr5/libc.a(fputc.o)
 .data          0x0000000000800100        0x0 /usr/lib/gcc/avr/11.2.0/../../../../avr/lib/avr5/libc.a(ultoa_invert.o)
 .data          0x0000000000800100        0x0 /usr/lib/gcc/avr/11.2.0/avr5/libgcc.a(_prologue.o)
 .data          0x0000000000800100        0x0 /usr/lib/gcc/avr/11.2.0/avr5/libgcc.a(_epilogue.o)
 *(.data*)
 *(.gnu.linkonce.d*)
 *(.rodata)
 .rodata        0x0000000000800100       0xa8 ../libutilities/libutilities.a(Son.o)
 *(.rodata*)
 .rodata.str1.1
                0x00000000008001a8       0xfa ../libutilities/libutilities.a(Dessin.o)
                                        0x117 (size before relaxing)
 .rodata.str1.1
                0x00000000008002a2        0x3 ../libutilities/libutilities.a(UART.o)
 *(.gnu.linkonce.r*)
                0x00000000008002a6                . = ALIGN (0x2)
 *fill*         0x00000000008002a5        0x1 
                0x00000000008002a6                _edata = .
                0x00000000008002a6                PROVIDE (__data_end = .)

.bss            0x00000000008002a6        0x1
                0x00000000008002a6                PROVIDE (__bss_start = .)
 *(.bss)
 .bss           0x00000000008002a6        0x0 /usr/lib/gcc/avr/11.2.0/../../../../avr/lib/avr5/crtatmega324pa.o
 .bss           0x00000000008002a6        0x1 main.o
                0x00000000008002a6                gBoutonPoussoir
 .bss           0x00000000008002a7        0x0 Robot2.o
 .bss           0x00000000008002a7        0x0 ../libutilities/libutilities.a(Bouton.o)
 .bss           0x00000000008002a7        0x0 ../libutilities/libutilities.a(Del.o)
 .bss           0x00000000008002a7        0x0 ../libutilities/libutilities.a(Son.o)
 .bss           0x00000000008002a7        0x0 ../libutilities/libutilities.a(InfraRouge.o)
 .bss           0x00000000008002a7        0x0 ../libutilities/libutilities.a(Makerline.o)
 .bss           0x00000000008002a7        0x0 ../libutilities/libutilities.a(Dessin.o)
 .bss           0x00000000008002a7        0x0 ../libutilities/libutilities.a(Roues.o)
 .bss           0x00000000008002a7        0x0 ../libutilities/libutilities.a(UART.o)
 .bss           0x00000000008002a7        0x0 ../libutilities/libutilities.a(Can.o)
 .bss           0x00000000008002a7        0x0 /usr/lib/gcc/avr/11.2.0/avr5/libgcc.a(_udivmodqi4.o)
 .bss           0x00000000008002a7        0x0 /usr/lib/gcc/avr/11.2.0/avr5/libgcc.a(_divmodhi4.o)
 .bss           0x00000000008002a7        0x0 /usr/lib/gcc/avr/11.2.0/avr5/libgcc.a(_exit.o)
 .bss           0x00000000008002a7        0x0 /usr/lib/gcc/avr/11.2.0/avr5/libgcc.a(_tablejump2.o)
 .bss           0x00000000008002a7        0x0 /usr/lib/gcc/avr/11.2.0/avr5/libgcc.a(_copy_data.o)
 .bss           0x00000000008002a7        0x0 /usr/lib/gcc/avr/11.2.0/avr5/libgcc.a(_clear_bss.o)
 .bss           0x00000000008002a7        0x0 /usr/lib/gcc/avr/11.2.0/avr5/libgcc.a(_udivmodhi4.o)
 .bss           0x00000000008002a7        0x0 /usr/lib/gcc/avr/11.2.0/../../../../avr/lib/avr5/libm.a(addsf3.o)
 .bss           0x00000000008002a7        0x0 /usr/lib/gcc/avr/11.2.0/../../../../avr/lib/avr5/libm.a(addsf3x.o)
 .bss           0x00000000008002a7        0x0 /usr/lib/gcc/avr/11.2.0/../../../../avr/lib/avr5/libm.a(divsf3.o)
 .bss           0x00000000008002a7        0x0 /usr/lib/gcc/avr/11.2.0/../../../../avr/lib/avr5/libm.a(divsf3x.o)
 .bss           0x00000000008002a7        0x0 /usr/lib/gcc/avr/11.2.0/../../../../avr/lib/avr5/libm.a(fixunssfsi.o)
 .bss           0x00000000008002a7        0x0 /usr/lib/gcc/avr/11.2.0/../../../../avr/lib/avr5/libm.a(floatsisf.o)
 .bss           0x00000000008002a7        0x0 /usr/lib/gcc/avr/11.2.0/../../../../avr/lib/avr5/libm.a(fp_inf.o)
 .bss           0x00000000008002a7        0x0 /usr/lib/gcc/avr/11.2.0/../../../../avr/lib/avr5/libm.a(fp_nan.o)
 .bss           0x00000000008002a7        0x0 /usr/lib/gcc/avr/11.2.0/../../../../avr/lib/avr5/libm.a(fp_pscA.o)
 .bss           0x00000000008002a7        0x0 /usr/lib/gcc/avr/11.2.0/../../../../avr/lib/avr5/libm.a(fp_pscB.o)
 .bss           0x00000000008002a7        0x0 /usr/lib/gcc/avr/11.2.0/../../../../avr/lib/avr5/libm.a(fp_round.o)
 .bss           0x00000000008002a7        0x0 /usr/lib/gcc/avr/11.2.0/../../../../avr/lib/avr5/libm.a(fp_split3.o)
 .bss           0x00000000008002a7        0x0 /usr/lib/gcc/avr/11.2.0/../../../../avr/lib/avr5/libm.a(fp_zero.o)
 .bss           0x00000000008002a7        0x0 /usr/lib/gcc/avr/11.2.0/../../../../avr/lib/avr5/libm.a(mulsf3.o)
 .bss           0x00000000008002a7        0x0 /usr/lib/gcc/avr/11.2.0/../../../../avr/lib/avr5/libm.a(mulsf3x.o)
 .bss           0x00000000008002a7        0x0 /usr/lib/gcc/avr/11.2.0/../../../../avr/lib/avr5/libc.a(sprintf.o)
 .bss           0x00000000008002a7        0x0 /usr/lib/gcc/avr/11.2.0/../../../../avr/lib/avr5/libc.a(vfprintf_std.o)
 .bss           0x00000000008002a7        0x0 /usr/lib/gcc/avr/11.2.0/../../../../avr/lib/avr5/libc.a(strnlen_P.o)
 .bss           0x00000000008002a7        0x0 /usr/lib/gcc/avr/11.2.0/../../../../avr/lib/avr5/libc.a(strnlen.o)
 .bss           0x00000000008002a7        0x0 /usr/lib/gcc/avr/11.2.0/../../../../avr/lib/avr5/libc.a(fputc.o)
 .bss           0x00000000008002a7        0x0 /usr/lib/gcc/avr/11.2.0/../../../../avr/lib/avr5/libc.a(ultoa_invert.o)
 .bss           0x00000000008002a7        0x0 /usr/lib/gcc/avr/11.2.0/avr5/libgcc.a(_prologue.o)
 .bss           0x00000000008002a7        0x0 /usr/lib/gcc/avr/11.2.0/avr5/libgcc.a(_epilogue.o)
 *(.bss*)
 *(COMMON)
                0x00000000008002a7                PROVIDE (__bss_end = .)
                0x000000000000360c                __data_load_start = LOADADDR (.data)
                0x00000000000037b2                __data_load_end = (__data_load_start + SIZEOF (.data))

.noinit         0x00000000008002a7        0x0
                [!provide]                        PROVIDE (__noinit_start = .)
 *(.noinit .noinit.* .gnu.linkonce.n.*)
                [!provide]                        PROVIDE (__noinit_end = .)
                0x00000000008002a7                _end = .
                [!provide]                        PROVIDE (__heap_start = .)

.eeprom         0x0000000000810000        0x0
 *(.eeprom*)
                0x0000000000810000                __eeprom_end = .

.fuse
 *(.fuse)
 *(.lfuse)
 *(.hfuse)
 *(.efuse)

.lock
 *(.lock*)

.signature
 *(.signature*)

.stab           0x0000000000000000     0x51e4
 *(.stab)
 .stab          0x0000000000000000      0x5ac main.o
 .stab          0x00000000000005ac      0x63c Robot2.o
                                        0x648 (size before relaxing)
 .stab          0x0000000000000be8      0x114 ../libutilities/libutilities.a(Bouton.o)
                                        0x120 (size before relaxing)
 .stab          0x0000000000000cfc      0x3cc ../libutilities/libutilities.a(Del.o)
                                        0x3d8 (size before relaxing)
 .stab          0x00000000000010c8      0x354 ../libutilities/libutilities.a(Son.o)
                                        0x360 (size before relaxing)
 .stab          0x000000000000141c      0xaf8 ../libutilities/libutilities.a(InfraRouge.o)
                                        0xb04 (size before relaxing)
 .stab          0x0000000000001f14      0xfa8 ../libutilities/libutilities.a(Makerline.o)
                                        0xfb4 (size before relaxing)
 .stab          0x0000000000002ebc     0x15d8 ../libutilities/libutilities.a(Dessin.o)
                                       0x15e4 (size before relaxing)
 .stab          0x0000000000004494      0x7c8 ../libutilities/libutilities.a(Roues.o)
                                        0x7d4 (size before relaxing)
 .stab          0x0000000000004c5c      0x3a8 ../libutilities/libutilities.a(UART.o)
                                        0x3b4 (size before relaxing)
 .stab          0x0000000000005004      0x1e0 ../libutilities/libutilities.a(Can.o)
                                        0x1ec (size before relaxing)

.stabstr        0x0000000000000000     0x9ae4
 *(.stabstr)
 .stabstr       0x0000000000000000     0x9ae4 main.o

.stab.excl
 *(.stab.excl)

.stab.exclstr
 *(.stab.exclstr)

.stab.index
 *(.stab.index)

.stab.indexstr
 *(.stab.indexstr)

.comment        0x0000000000000000       0x23
 *(.comment)
 .comment       0x0000000000000000       0x23 main.o
                                         0x24 (size before relaxing)
 .comment       0x0000000000000023       0x24 Robot2.o
 .comment       0x0000000000000023       0x24 ../libutilities/libutilities.a(Bouton.o)
 .comment       0x0000000000000023       0x24 ../libutilities/libutilities.a(Del.o)
 .comment       0x0000000000000023       0x24 ../libutilities/libutilities.a(Son.o)
 .comment       0x0000000000000023       0x24 ../libutilities/libutilities.a(InfraRouge.o)
 .comment       0x0000000000000023       0x24 ../libutilities/libutilities.a(Makerline.o)
 .comment       0x0000000000000023       0x24 ../libutilities/libutilities.a(Dessin.o)
 .comment       0x0000000000000023       0x24 ../libutilities/libutilities.a(Roues.o)
 .comment       0x0000000000000023       0x24 ../libutilities/libutilities.a(UART.o)
 .comment       0x0000000000000023       0x24 ../libutilities/libutilities.a(Can.o)
 .comment       0x0000000000000023       0x24 /usr/lib/gcc/avr/11.2.0/../../../../avr/lib/avr5/libc.a(sprintf.o)
 .comment       0x0000000000000023       0x24 /usr/lib/gcc/avr/11.2.0/../../../../avr/lib/avr5/libc.a(vfprintf_std.o)
 .comment       0x0000000000000023       0x24 /usr/lib/gcc/avr/11.2.0/../../../../avr/lib/avr5/libc.a(fputc.o)

.note.gnu.avr.deviceinfo
                0x0000000000000000       0x40
 .note.gnu.avr.deviceinfo
                0x0000000000000000       0x40 /usr/lib/gcc/avr/11.2.0/../../../../avr/lib/avr5/crtatmega324pa.o

.note.gnu.build-id
 *(.note.gnu.build-id)

.debug
 *(.debug)

.line
 *(.line)

.debug_srcinfo
 *(.debug_srcinfo)

.debug_sfnames
 *(.debug_sfnames)

.debug_aranges
 *(.debug_aranges)

.debug_pubnames
 *(.debug_pubnames)

.debug_info     0x0000000000000000      0x6cc
 *(.debug_info .gnu.linkonce.wi.*)
 .debug_info    0x0000000000000000      0x6cc /usr/lib/gcc/avr/11.2.0/../../../../avr/lib/avr5/crtatmega324pa.o

.debug_abbrev   0x0000000000000000      0x66e
 *(.debug_abbrev)
 .debug_abbrev  0x0000000000000000      0x66e /usr/lib/gcc/avr/11.2.0/../../../../avr/lib/avr5/crtatmega324pa.o

.debug_line     0x0000000000000000       0x1d
 *(.debug_line .debug_line.* .debug_line_end)
 .debug_line    0x0000000000000000       0x1d /usr/lib/gcc/avr/11.2.0/../../../../avr/lib/avr5/crtatmega324pa.o

.debug_frame
 *(.debug_frame)

.debug_str      0x0000000000000000      0x255
 *(.debug_str)
 .debug_str     0x0000000000000000      0x255 /usr/lib/gcc/avr/11.2.0/../../../../avr/lib/avr5/crtatmega324pa.o

.debug_loc
 *(.debug_loc)

.debug_macinfo
 *(.debug_macinfo)

.debug_weaknames
 *(.debug_weaknames)

.debug_funcnames
 *(.debug_funcnames)

.debug_typenames
 *(.debug_typenames)

.debug_varnames
 *(.debug_varnames)

.debug_pubtypes
 *(.debug_pubtypes)

.debug_ranges
 *(.debug_ranges)

.debug_addr
 *(.debug_addr)

.debug_line_str
 *(.debug_line_str)

.debug_loclists
 *(.debug_loclists)

.debug_macro
 *(.debug_macro)

.debug_names
 *(.debug_names)

.debug_rnglists
 *(.debug_rnglists)

.debug_str_offsets
 *(.debug_str_offsets)

.debug_sup
 *(.debug_sup)
OUTPUT(main.elf elf32-avr)
LOAD linker stubs
